// Vitest Snapshot v1, https://vitest.dev/guide/snapshot.html

exports[`button snapshot 1`] = `
<div>
  <button
    class="MuiButtonBase-root MuiButton-root MuiButton-text MuiButton-textPrimary MuiButton-sizeMedium MuiButton-textSizeMedium MuiButton-colorPrimary MuiButton-root MuiButton-text MuiButton-textPrimary MuiButton-sizeMedium MuiButton-textSizeMedium MuiButton-colorPrimary css-1uent87-MuiButtonBase-root-MuiButton-root"
    tabindex="0"
    type="button"
  >
    hoge fuga piyo ダミー
  </button>
</div>
`;
