// Vitest Snapshot v1, https://vitest.dev/guide/snapshot.html

exports[`scroll snapshot 1`] = `
<div>
  <div
    class="MuiBox-root css-1kue2vf"
  >
    <span
      class="css-1pnf43l"
    >
      Scroll
    </span>
    <div
      class="css-upika3"
    />
  </div>
</div>
`;
